------------------------------------------------------------
Timing Analyzer Summary
------------------------------------------------------------

Type  : Slow 1100mV 85C Model Setup 'clk'
Slack : -2.281
TNS   : -65.264

Type  : Slow 1100mV 85C Model Hold 'clk'
Slack : 0.387
TNS   : 0.000

Type  : Slow 1100mV 85C Model Minimum Pulse Width 'clk'
Slack : -0.394
TNS   : -21.844

Type  : Slow 1100mV 0C Model Setup 'clk'
Slack : -2.323
TNS   : -65.641

Type  : Slow 1100mV 0C Model Hold 'clk'
Slack : 0.380
TNS   : 0.000

Type  : Slow 1100mV 0C Model Minimum Pulse Width 'clk'
Slack : -0.394
TNS   : -23.510

Type  : Fast 1100mV 85C Model Setup 'clk'
Slack : -0.851
TNS   : -20.513

Type  : Fast 1100mV 85C Model Hold 'clk'
Slack : 0.203
TNS   : 0.000

Type  : Fast 1100mV 85C Model Minimum Pulse Width 'clk'
Slack : -0.089
TNS   : -3.641

Type  : Fast 1100mV 0C Model Setup 'clk'
Slack : -0.718
TNS   : -17.188

Type  : Fast 1100mV 0C Model Hold 'clk'
Slack : 0.193
TNS   : 0.000

Type  : Fast 1100mV 0C Model Minimum Pulse Width 'clk'
Slack : -0.087
TNS   : -3.597

------------------------------------------------------------
