Analysis & Synthesis report for counter
Thu Sep 24 17:13:07 2026
Quartus Prime Version 18.1.0 Build 625 09/12/2018 SJ Standard Edition


---------------------
; Table of Contents ;
---------------------
  1. Legal Notice
  2. Analysis & Synthesis Summary
  3. Analysis & Synthesis Settings
  4. Parallel Compilation
  5. Analysis & Synthesis Source Files Read
  6. Analysis & Synthesis Resource Usage Summary
  7. Analysis & Synthesis Resource Utilization by Entity
  8. General Register Statistics
  9. Inverted Register Statistics
 10. Parameter Settings for User Entity Instance: counter:uut3|generic_counter:uut1
 11. Parameter Settings for User Entity Instance: counter:uut3|generic_counter:uut2
 12. Parameter Settings for User Entity Instance: counter:uut3|generic_adder_beh:uut3
 13. Port Connectivity Checks: "counter:uut3|generic_adder_beh:uut3"
 14. Port Connectivity Checks: "counter:uut3|generic_counter:uut2"
 15. Post-Synthesis Netlist Statistics for Top Partition
 16. Elapsed Time Per Partition
 17. Analysis & Synthesis Messages



----------------
; Legal Notice ;
----------------
Copyright (C) 2018  Intel Corporation. All rights reserved.
Your use of Intel Corporation's design tools, logic functions 
and other software and tools, and its AMPP partner logic 
functions, and any output files from any of the foregoing 
(including device programming or simulation files), and any 
associated documentation or information are expressly subject 
to the terms and conditions of the Intel Program License 
Subscription Agreement, the Intel Quartus Prime License Agreement,
the Intel FPGA IP License Agreement, or other applicable license
agreement, including, without limitation, that your use is for
the sole purpose of programming logic devices manufactured by
Intel and sold by Intel or its authorized distributors.  Please
refer to the applicable agreement for further details.



+-----------------------------------------------------------------------------------+
; Analysis & Synthesis Summary                                                      ;
+---------------------------------+-------------------------------------------------+
; Analysis & Synthesis Status     ; Successful - Thu Sep 24 17:13:07 2026           ;
; Quartus Prime Version           ; 18.1.0 Build 625 09/12/2018 SJ Standard Edition ;
; Revision Name                   ; counter                                         ;
; Top-level Entity Name           ; counter_top                                     ;
; Family                          ; Cyclone V                                       ;
; Logic utilization (in ALMs)     ; N/A                                             ;
; Total registers                 ; 35                                              ;
; Total pins                      ; 9                                               ;
; Total virtual pins              ; 0                                               ;
; Total block memory bits         ; 0                                               ;
; Total DSP Blocks                ; 0                                               ;
; Total HSSI RX PCSs              ; 0                                               ;
; Total HSSI PMA RX Deserializers ; 0                                               ;
; Total HSSI TX PCSs              ; 0                                               ;
; Total HSSI PMA TX Serializers   ; 0                                               ;
; Total PLLs                      ; 0                                               ;
; Total DLLs                      ; 0                                               ;
+---------------------------------+-------------------------------------------------+


+---------------------------------------------------------------------------------------------------------------------------+
; Analysis & Synthesis Settings                                                                                             ;
+---------------------------------------------------------------------------------+--------------------+--------------------+
; Option                                                                          ; Setting            ; Default Value      ;
+---------------------------------------------------------------------------------+--------------------+--------------------+
; Device                                                                          ; 5CSEMA5F31C6       ;                    ;
; Top-level entity name                                                           ; counter_top        ; counter            ;
; Family name                                                                     ; Cyclone V          ; Cyclone V          ;
; Use smart compilation                                                           ; Off                ; Off                ;
; Enable parallel Assembler and Timing Analyzer during compilation                ; On                 ; On                 ;
; Enable compact report table                                                     ; Off                ; Off                ;
; Restructure Multiplexers                                                        ; Auto               ; Auto               ;
; MLAB Add Timing Constraints For Mixed-Port Feed-Through Mode Setting Don't Care ; Off                ; Off                ;
; Create Debugging Nodes for IP Cores                                             ; Off                ; Off                ;
; Preserve fewer node names                                                       ; On                 ; On                 ;
; Intel FPGA IP Evaluation Mode                                                   ; Enable             ; Enable             ;
; Verilog Version                                                                 ; Verilog_2001       ; Verilog_2001       ;
; VHDL Version                                                                    ; VHDL_1993          ; VHDL_1993          ;
; State Machine Processing                                                        ; Auto               ; Auto               ;
; Safe State Machine                                                              ; Off                ; Off                ;
; Extract Verilog State Machines                                                  ; On                 ; On                 ;
; Extract VHDL State Machines                                                     ; On                 ; On                 ;
; Ignore Verilog initial constructs                                               ; Off                ; Off                ;
; Iteration limit for constant Verilog loops                                      ; 5000               ; 5000               ;
; Iteration limit for non-constant Verilog loops                                  ; 250                ; 250                ;
; Add Pass-Through Logic to Inferred RAMs                                         ; On                 ; On                 ;
; Infer RAMs from Raw Logic                                                       ; On                 ; On                 ;
; Parallel Synthesis                                                              ; On                 ; On                 ;
; DSP Block Balancing                                                             ; Auto               ; Auto               ;
; NOT Gate Push-Back                                                              ; On                 ; On                 ;
; Power-Up Don't Care                                                             ; On                 ; On                 ;
; Remove Redundant Logic Cells                                                    ; Off                ; Off                ;
; Remove Duplicate Registers                                                      ; On                 ; On                 ;
; Ignore CARRY Buffers                                                            ; Off                ; Off                ;
; Ignore CASCADE Buffers                                                          ; Off                ; Off                ;
; Ignore GLOBAL Buffers                                                           ; Off                ; Off                ;
; Ignore ROW GLOBAL Buffers                                                       ; Off                ; Off                ;
; Ignore LCELL Buffers                                                            ; Off                ; Off                ;
; Ignore SOFT Buffers                                                             ; On                 ; On                 ;
; Limit AHDL Integers to 32 Bits                                                  ; Off                ; Off                ;
; Optimization Technique                                                          ; Balanced           ; Balanced           ;
; Carry Chain Length                                                              ; 70                 ; 70                 ;
; Auto Carry Chains                                                               ; On                 ; On                 ;
; Auto Open-Drain Pins                                                            ; On                 ; On                 ;
; Perform WYSIWYG Primitive Resynthesis                                           ; Off                ; Off                ;
; Auto ROM Replacement                                                            ; On                 ; On                 ;
; Auto RAM Replacement                                                            ; On                 ; On                 ;
; Auto DSP Block Replacement                                                      ; On                 ; On                 ;
; Auto Shift Register Replacement                                                 ; Auto               ; Auto               ;
; Allow Shift Register Merging across Hierarchies                                 ; Auto               ; Auto               ;
; Auto Clock Enable Replacement                                                   ; On                 ; On                 ;
; Strict RAM Replacement                                                          ; Off                ; Off                ;
; Allow Synchronous Control Signals                                               ; On                 ; On                 ;
; Force Use of Synchronous Clear Signals                                          ; Off                ; Off                ;
; Auto Resource Sharing                                                           ; Off                ; Off                ;
; Allow Any RAM Size For Recognition                                              ; Off                ; Off                ;
; Allow Any ROM Size For Recognition                                              ; Off                ; Off                ;
; Allow Any Shift Register Size For Recognition                                   ; Off                ; Off                ;
; Use LogicLock Constraints during Resource Balancing                             ; On                 ; On                 ;
; Ignore translate_off and synthesis_off directives                               ; Off                ; Off                ;
; Timing-Driven Synthesis                                                         ; On                 ; On                 ;
; Report Parameter Settings                                                       ; On                 ; On                 ;
; Report Source Assignments                                                       ; On                 ; On                 ;
; Report Connectivity Checks                                                      ; On                 ; On                 ;
; Ignore Maximum Fan-Out Assignments                                              ; Off                ; Off                ;
; Synchronization Register Chain Length                                           ; 3                  ; 3                  ;
; Power Optimization During Synthesis                                             ; Normal compilation ; Normal compilation ;
; HDL message level                                                               ; Level2             ; Level2             ;
; Suppress Register Optimization Related Messages                                 ; Off                ; Off                ;
; Number of Removed Registers Reported in Synthesis Report                        ; 5000               ; 5000               ;
; Number of Swept Nodes Reported in Synthesis Report                              ; 5000               ; 5000               ;
; Number of Inverted Registers Reported in Synthesis Report                       ; 100                ; 100                ;
; Clock MUX Protection                                                            ; On                 ; On                 ;
; Auto Gated Clock Conversion                                                     ; Off                ; Off                ;
; Block Design Naming                                                             ; Auto               ; Auto               ;
; SDC constraint protection                                                       ; Off                ; Off                ;
; Synthesis Effort                                                                ; Auto               ; Auto               ;
; Shift Register Replacement - Allow Asynchronous Clear Signal                    ; On                 ; On                 ;
; Pre-Mapping Resynthesis Optimization                                            ; Off                ; Off                ;
; Analysis & Synthesis Message Level                                              ; Medium             ; Medium             ;
; Disable Register Merging Across Hierarchies                                     ; Auto               ; Auto               ;
; Resource Aware Inference For Block RAM                                          ; On                 ; On                 ;
; Automatic Parallel Synthesis                                                    ; On                 ; On                 ;
; Partial Reconfiguration Bitstream ID                                            ; Off                ; Off                ;
+---------------------------------------------------------------------------------+--------------------+--------------------+


+------------------------------------------+
; Parallel Compilation                     ;
+----------------------------+-------------+
; Processors                 ; Number      ;
+----------------------------+-------------+
; Number detected on machine ; 20          ;
; Maximum allowed            ; 10          ;
;                            ;             ;
; Average used               ; 1.00        ;
; Maximum used               ; 10          ;
;                            ;             ;
; Usage by Processor         ; % Time Used ;
;     Processor 1            ; 100.0%      ;
;     Processors 2-10        ;   0.0%      ;
+----------------------------+-------------+


+---------------------------------------------------------------------------------------------------------------------------------------------------------------+
; Analysis & Synthesis Source Files Read                                                                                                                        ;
+----------------------------------+-----------------+-----------------+------------------------------------------------------------------------------+---------+
; File Name with User-Entered Path ; Used in Netlist ; File Type       ; File Name with Absolute Path                                                 ; Library ;
+----------------------------------+-----------------+-----------------+------------------------------------------------------------------------------+---------+
; ../../src/counter_top.vhd        ; yes             ; User VHDL File  ; C:/Users/nap9070/Documents/GitHub/hdl/lab3/Counter/src/counter_top.vhd       ;         ;
; ../../src/counter.vhd            ; yes             ; User VHDL File  ; C:/Users/nap9070/Documents/GitHub/hdl/lab3/Counter/src/counter.vhd           ;         ;
; ../../src/generic_adder_beh.vhd  ; yes             ; User VHDL File  ; C:/Users/nap9070/Documents/GitHub/hdl/lab3/Counter/src/generic_adder_beh.vhd ;         ;
; ../../src/generic_counter.vhd    ; yes             ; User VHDL File  ; C:/Users/nap9070/Documents/GitHub/hdl/lab3/Counter/src/generic_counter.vhd   ;         ;
; ../../src/seven_seg.vhd          ; yes             ; User VHDL File  ; C:/Users/nap9070/Documents/GitHub/hdl/lab3/Counter/src/seven_seg.vhd         ;         ;
+----------------------------------+-----------------+-----------------+------------------------------------------------------------------------------+---------+


+---------------------------------------------------------+
; Analysis & Synthesis Resource Usage Summary             ;
+---------------------------------------------+-----------+
; Resource                                    ; Usage     ;
+---------------------------------------------+-----------+
; Estimate of Logic utilization (ALMs needed) ; 21        ;
;                                             ;           ;
; Combinational ALUT usage for logic          ; 39        ;
;     -- 7 input functions                    ; 0         ;
;     -- 6 input functions                    ; 2         ;
;     -- 5 input functions                    ; 3         ;
;     -- 4 input functions                    ; 7         ;
;     -- <=3 input functions                  ; 27        ;
;                                             ;           ;
; Dedicated logic registers                   ; 35        ;
;                                             ;           ;
; I/O pins                                    ; 9         ;
;                                             ;           ;
; Total DSP Blocks                            ; 0         ;
;                                             ;           ;
; Maximum fan-out node                        ; clk~input ;
; Maximum fan-out                             ; 35        ;
; Total fan-out                               ; 255       ;
; Average fan-out                             ; 2.77      ;
+---------------------------------------------+-----------+


+-------------------------------------------------------------------------------------------------------------------------------------------------------------------------------------------------------------------------------+
; Analysis & Synthesis Resource Utilization by Entity                                                                                                                                                                           ;
+--------------------------------+---------------------+---------------------------+-------------------+------------+------+--------------+--------------------------------------------------+-------------------+--------------+
; Compilation Hierarchy Node     ; Combinational ALUTs ; Dedicated Logic Registers ; Block Memory Bits ; DSP Blocks ; Pins ; Virtual Pins ; Full Hierarchy Name                              ; Entity Name       ; Library Name ;
+--------------------------------+---------------------+---------------------------+-------------------+------------+------+--------------+--------------------------------------------------+-------------------+--------------+
; |counter_top                   ; 39 (0)              ; 35 (0)                    ; 0                 ; 0          ; 9    ; 0            ; |counter_top                                     ; counter_top       ; work         ;
;    |counter:uut3|              ; 39 (0)              ; 35 (4)                    ; 0                 ; 0          ; 0    ; 0            ; |counter_top|counter:uut3                        ; counter           ; work         ;
;       |generic_adder_beh:uut3| ; 4 (4)               ; 0 (0)                     ; 0                 ; 0          ; 0    ; 0            ; |counter_top|counter:uut3|generic_adder_beh:uut3 ; generic_adder_beh ; work         ;
;       |generic_counter:uut1|   ; 28 (28)             ; 24 (24)                   ; 0                 ; 0          ; 0    ; 0            ; |counter_top|counter:uut3|generic_counter:uut1   ; generic_counter   ; work         ;
;       |seven_seg:uut|          ; 7 (7)               ; 7 (7)                     ; 0                 ; 0          ; 0    ; 0            ; |counter_top|counter:uut3|seven_seg:uut          ; seven_seg         ; work         ;
+--------------------------------+---------------------+---------------------------+-------------------+------------+------+--------------+--------------------------------------------------+-------------------+--------------+
Note: For table entries with two numbers listed, the numbers in parentheses indicate the number of resources of the given type used by the specific entity alone. The numbers listed outside of parentheses indicate the total resources of the given type used by the specific entity and all of its sub-entities in the hierarchy.


+------------------------------------------------------+
; General Register Statistics                          ;
+----------------------------------------------+-------+
; Statistic                                    ; Value ;
+----------------------------------------------+-------+
; Total registers                              ; 35    ;
; Number of registers using Synchronous Clear  ; 23    ;
; Number of registers using Synchronous Load   ; 0     ;
; Number of registers using Asynchronous Clear ; 35    ;
; Number of registers using Asynchronous Load  ; 0     ;
; Number of registers using Clock Enable       ; 4     ;
; Number of registers using Preset             ; 0     ;
+----------------------------------------------+-------+


+-------------------------------------------------------+
; Inverted Register Statistics                          ;
+---------------------------------------------+---------+
; Inverted Register                           ; Fan out ;
+---------------------------------------------+---------+
; counter:uut3|seven_seg:uut|seven_seg_out[0] ; 1       ;
; counter:uut3|seven_seg:uut|seven_seg_out[1] ; 1       ;
; counter:uut3|seven_seg:uut|seven_seg_out[2] ; 1       ;
; counter:uut3|seven_seg:uut|seven_seg_out[3] ; 1       ;
; counter:uut3|seven_seg:uut|seven_seg_out[4] ; 1       ;
; counter:uut3|seven_seg:uut|seven_seg_out[5] ; 1       ;
; counter:uut3|seven_seg:uut|seven_seg_out[6] ; 1       ;
; Total number of inverted registers = 7      ;         ;
+---------------------------------------------+---------+


+--------------------------------------------------------------------------------+
; Parameter Settings for User Entity Instance: counter:uut3|generic_counter:uut1 ;
+----------------+---------+-----------------------------------------------------+
; Parameter Name ; Value   ; Type                                                ;
+----------------+---------+-----------------------------------------------------+
; max_count      ; 5000000 ; Signed Integer                                      ;
+----------------+---------+-----------------------------------------------------+
Note: In order to hide this table in the UI and the text report file, please set the "Show Parameter Settings in Synthesis Report" option in "Analysis and Synthesis Settings -> More Settings" to "Off".


+--------------------------------------------------------------------------------+
; Parameter Settings for User Entity Instance: counter:uut3|generic_counter:uut2 ;
+----------------+-------+-------------------------------------------------------+
; Parameter Name ; Value ; Type                                                  ;
+----------------+-------+-------------------------------------------------------+
; max_count      ; 19    ; Signed Integer                                        ;
+----------------+-------+-------------------------------------------------------+
Note: In order to hide this table in the UI and the text report file, please set the "Show Parameter Settings in Synthesis Report" option in "Analysis and Synthesis Settings -> More Settings" to "Off".


+----------------------------------------------------------------------------------+
; Parameter Settings for User Entity Instance: counter:uut3|generic_adder_beh:uut3 ;
+----------------+-------+---------------------------------------------------------+
; Parameter Name ; Value ; Type                                                    ;
+----------------+-------+---------------------------------------------------------+
; bits           ; 4     ; Signed Integer                                          ;
+----------------+-------+---------------------------------------------------------+
Note: In order to hide this table in the UI and the text report file, please set the "Show Parameter Settings in Synthesis Report" option in "Analysis and Synthesis Settings -> More Settings" to "Off".


+-------------------------------------------------------------------------------------------------------------------+
; Port Connectivity Checks: "counter:uut3|generic_adder_beh:uut3"                                                   ;
+---------+--------+----------+-------------------------------------------------------------------------------------+
; Port    ; Type   ; Severity ; Details                                                                             ;
+---------+--------+----------+-------------------------------------------------------------------------------------+
; b[3..1] ; Input  ; Info     ; Stuck at GND                                                                        ;
; b[0]    ; Input  ; Info     ; Stuck at VCC                                                                        ;
; cin     ; Input  ; Info     ; Stuck at GND                                                                        ;
; cout    ; Output ; Info     ; Connected to dangling logic. Logic that only feeds a dangling port will be removed. ;
+---------+--------+----------+-------------------------------------------------------------------------------------+


+------------------------------------------------------------------------------------------------------------------+
; Port Connectivity Checks: "counter:uut3|generic_counter:uut2"                                                    ;
+--------+--------+----------+-------------------------------------------------------------------------------------+
; Port   ; Type   ; Severity ; Details                                                                             ;
+--------+--------+----------+-------------------------------------------------------------------------------------+
; output ; Output ; Info     ; Connected to dangling logic. Logic that only feeds a dangling port will be removed. ;
+--------+--------+----------+-------------------------------------------------------------------------------------+


+-----------------------------------------------------+
; Post-Synthesis Netlist Statistics for Top Partition ;
+-----------------------+-----------------------------+
; Type                  ; Count                       ;
+-----------------------+-----------------------------+
; arriav_ff             ; 35                          ;
;     CLR               ; 8                           ;
;     CLR SCLR          ; 23                          ;
;     ENA CLR           ; 4                           ;
; arriav_lcell_comb     ; 46                          ;
;     arith             ; 23                          ;
;         1 data inputs ; 23                          ;
;     normal            ; 19                          ;
;         1 data inputs ; 7                           ;
;         4 data inputs ; 7                           ;
;         5 data inputs ; 3                           ;
;         6 data inputs ; 2                           ;
;     shared            ; 4                           ;
;         1 data inputs ; 4                           ;
; boundary_port         ; 9                           ;
;                       ;                             ;
; Max LUT depth         ; 3.20                        ;
; Average LUT depth     ; 1.98                        ;
+-----------------------+-----------------------------+


+-------------------------------+
; Elapsed Time Per Partition    ;
+----------------+--------------+
; Partition Name ; Elapsed Time ;
+----------------+--------------+
; Top            ; 00:00:00     ;
+----------------+--------------+


+-------------------------------+
; Analysis & Synthesis Messages ;
+-------------------------------+
Info: *******************************************************************
Info: Running Quartus Prime Analysis & Synthesis
    Info: Version 18.1.0 Build 625 09/12/2018 SJ Standard Edition
    Info: Processing started: Thu Sep 24 17:12:58 2026
Info: Command: quartus_map --read_settings_files=on --write_settings_files=off counter -c counter
Warning (18236): Number of processors has not been specified which may cause overloading on shared machines.  Set the global assignment NUM_PARALLEL_PROCESSORS in your QSF to an appropriate value for best performance.
Info (20030): Parallel compilation is enabled and will use 10 of the 10 processors detected
Info (12021): Found 2 design units, including 1 entities, in source file /users/nap9070/documents/github/hdl/lab3/counter/src/counter_top.vhd
    Info (12022): Found design unit 1: counter_top-arch File: C:/Users/nap9070/Documents/GitHub/hdl/lab3/Counter/src/counter_top.vhd Line: 17
    Info (12023): Found entity 1: counter_top File: C:/Users/nap9070/Documents/GitHub/hdl/lab3/Counter/src/counter_top.vhd Line: 9
Info (12021): Found 2 design units, including 1 entities, in source file /users/nap9070/documents/github/hdl/lab3/counter/src/counter.vhd
    Info (12022): Found design unit 1: counter-beh File: C:/Users/nap9070/Documents/GitHub/hdl/lab3/Counter/src/counter.vhd Line: 17
    Info (12023): Found entity 1: counter File: C:/Users/nap9070/Documents/GitHub/hdl/lab3/Counter/src/counter.vhd Line: 9
Info (12021): Found 2 design units, including 1 entities, in source file /users/nap9070/documents/github/hdl/lab3/counter/src/generic_adder_beh.vhd
    Info (12022): Found design unit 1: generic_adder_beh-beh File: C:/Users/nap9070/Documents/GitHub/hdl/lab3/Counter/src/generic_adder_beh.vhd Line: 22
    Info (12023): Found entity 1: generic_adder_beh File: C:/Users/nap9070/Documents/GitHub/hdl/lab3/Counter/src/generic_adder_beh.vhd Line: 9
Info (12021): Found 2 design units, including 1 entities, in source file /users/nap9070/documents/github/hdl/lab3/counter/src/generic_counter.vhd
    Info (12022): Found design unit 1: generic_counter-beh File: C:/Users/nap9070/Documents/GitHub/hdl/lab3/Counter/src/generic_counter.vhd Line: 19
    Info (12023): Found entity 1: generic_counter File: C:/Users/nap9070/Documents/GitHub/hdl/lab3/Counter/src/generic_counter.vhd Line: 8
Info (12021): Found 2 design units, including 1 entities, in source file /users/nap9070/documents/github/hdl/lab3/counter/src/seven_seg.vhd
    Info (12022): Found design unit 1: seven_seg-arch File: C:/Users/nap9070/Documents/GitHub/hdl/lab3/Counter/src/seven_seg.vhd Line: 18
    Info (12023): Found entity 1: seven_seg File: C:/Users/nap9070/Documents/GitHub/hdl/lab3/Counter/src/seven_seg.vhd Line: 9
Info (12127): Elaborating entity "counter_top" for the top level hierarchy
Info (12128): Elaborating entity "counter" for hierarchy "counter:uut3" File: C:/Users/nap9070/Documents/GitHub/hdl/lab3/Counter/src/counter_top.vhd Line: 29
Warning (10036): Verilog HDL or VHDL warning at counter.vhd(59): object "sync2" assigned a value but never read File: C:/Users/nap9070/Documents/GitHub/hdl/lab3/Counter/src/counter.vhd Line: 59
Warning (10540): VHDL Signal Declaration warning at counter.vhd(64): used explicit default value for signal "inc" because signal was never assigned a value File: C:/Users/nap9070/Documents/GitHub/hdl/lab3/Counter/src/counter.vhd Line: 64
Warning (10540): VHDL Signal Declaration warning at counter.vhd(65): used explicit default value for signal "cin" because signal was never assigned a value File: C:/Users/nap9070/Documents/GitHub/hdl/lab3/Counter/src/counter.vhd Line: 65
Warning (10036): Verilog HDL or VHDL warning at counter.vhd(67): object "cout" assigned a value but never read File: C:/Users/nap9070/Documents/GitHub/hdl/lab3/Counter/src/counter.vhd Line: 67
Info (12128): Elaborating entity "seven_seg" for hierarchy "counter:uut3|seven_seg:uut" File: C:/Users/nap9070/Documents/GitHub/hdl/lab3/Counter/src/counter.vhd Line: 84
Warning (10492): VHDL Process Statement warning at seven_seg.vhd(24): signal "reset" is read inside the Process Statement but isn't in the Process Statement's sensitivity list File: C:/Users/nap9070/Documents/GitHub/hdl/lab3/Counter/src/seven_seg.vhd Line: 24
Info (12128): Elaborating entity "generic_counter" for hierarchy "counter:uut3|generic_counter:uut1" File: C:/Users/nap9070/Documents/GitHub/hdl/lab3/Counter/src/counter.vhd Line: 92
Info (12128): Elaborating entity "generic_counter" for hierarchy "counter:uut3|generic_counter:uut2" File: C:/Users/nap9070/Documents/GitHub/hdl/lab3/Counter/src/counter.vhd Line: 102
Info (12128): Elaborating entity "generic_adder_beh" for hierarchy "counter:uut3|generic_adder_beh:uut3" File: C:/Users/nap9070/Documents/GitHub/hdl/lab3/Counter/src/counter.vhd Line: 112
Warning (10540): VHDL Signal Declaration warning at generic_adder_beh.vhd(25): used explicit default value for signal "cin_guard" because signal was never assigned a value File: C:/Users/nap9070/Documents/GitHub/hdl/lab3/Counter/src/generic_adder_beh.vhd Line: 25
Info (286030): Timing-Driven Synthesis is running
Info (16010): Generating hard_block partition "hard_block:auto_generated_inst"
    Info (16011): Adding 0 node(s), including 0 DDIO, 0 PLL, 0 transceiver and 0 LCELL
Info (21057): Implemented 49 device resources after synthesis - the final resource count might be different
    Info (21058): Implemented 2 input pins
    Info (21059): Implemented 7 output pins
    Info (21061): Implemented 40 logic cells
Info: Quartus Prime Analysis & Synthesis was successful. 0 errors, 7 warnings
    Info: Peak virtual memory: 4909 megabytes
    Info: Processing ended: Thu Sep 24 17:13:07 2026
    Info: Elapsed time: 00:00:09
    Info: Total CPU time (on all processors): 00:00:17


